// Jest Snapshot v1, https://goo.gl/fbAQLP

exports[`<CartList /> should render the CartList 1`] = `
.c2 {
  padding: 2.4rem;
  border-bottom: 0.1rem solid #EAEAEA;
}

.c3 {
  display: -webkit-box;
  display: -webkit-flex;
  display: -ms-flexbox;
  display: flex;
  width: 100%;
}

.c4 {
  -webkit-flex-shrink: 0;
  -ms-flex-negative: 0;
  flex-shrink: 0;
  margin-right: 1.6rem;
  width: 9.6rem;
  height: 5.6rem;
}

.c4 img {
  width: 100%;
  height: 100%;
  object-fit: cover;
}

.c5 {
  display: -webkit-box;
  display: -webkit-flex;
  display: -ms-flexbox;
  display: flex;
  -webkit-flex-direction: column;
  -ms-flex-direction: column;
  flex-direction: column;
  -webkit-align-items: flex-start;
  -webkit-box-align: flex-start;
  -ms-flex-align: flex-start;
  align-items: flex-start;
  width: 100%;
}

.c6 {
  font-size: 1.4rem;
  line-height: 1.4rem;
  font-weight: 600;
  color: #030517;
  margin-bottom: 0.8rem;
}

.c8 {
  color: #FAFAFA;
  padding: 0.2rem 0.8rem;
  background-color: #3CD3C1;
  border-radius: 0.4rem;
  font-size: 1.4rem;
  font-weight: 600;
}

.c7 {
  display: -webkit-box;
  display: -webkit-flex;
  display: -ms-flexbox;
  display: flex;
  -webkit-align-items: center;
  -webkit-box-align: center;
  -ms-flex-align: center;
  align-items: center;
  -webkit-box-pack: justify;
  -webkit-justify-content: space-between;
  -ms-flex-pack: justify;
  justify-content: space-between;
  width: 100%;
}

.c0 {
  background: #FAFAFA;
  display: -webkit-box;
  display: -webkit-flex;
  display: -ms-flexbox;
  display: flex;
  -webkit-flex-direction: column;
  -ms-flex-direction: column;
  flex-direction: column;
  -webkit-align-self: start;
  -ms-flex-item-align: start;
  align-self: start;
}

.c9 {
  background: #F2F2F2;
  color: #030517;
  font-weight: 600;
  font-size: 1.4rem;
  padding: 2rem;
  display: -webkit-box;
  display: -webkit-flex;
  display: -ms-flexbox;
  display: flex;
  -webkit-box-pack: justify;
  -webkit-justify-content: space-between;
  -ms-flex-pack: justify;
  justify-content: space-between;
  -webkit-align-items: center;
  -webkit-box-align: center;
  -ms-flex-align: center;
  align-items: center;
}

.c10 {
  color: #F231A5;
}

.c1 {
  max-height: 40rem;
  overflow-y: auto;
}

.c1 a {
  -webkit-text-decoration: none;
  text-decoration: none;
}

@media (min-width:768px) {
  .c2 {
    display: -webkit-box;
    display: -webkit-flex;
    display: -ms-flexbox;
    display: flex;
  }
}

@media (min-width:768px) {
  .c4 {
    margin-right: 1.6rem;
    width: 15rem;
    height: 7rem;
  }
}

@media (min-width:768px) {
  .c6 {
    font-size: 2rem;
    line-height: 2rem;
  }
}

@media (min-width:768px) {
  .c9 {
    font-size: 1.6rem;
    padding: 2.4rem;
  }
}

<div
  class="c0"
>
  <div
    class="c1"
  >
    <a
      href="/game/red-dead-redemption-2"
    >
      <div
        class="c2"
      >
        <div
          class="c3"
        >
          <div
            class="c4"
          >
            <img
              alt="Red Dead Redemption 2"
              src="https://source.unsplash.com/user/willianjusten/151x70"
            />
          </div>
          <div
            class="c5"
          >
            <h3
              class="c6"
            >
              Red Dead Redemption 2
            </h3>
            <div
              class="c7"
            >
              <p
                class="c8"
              >
                R$ 215,00
              </p>
            </div>
          </div>
        </div>
      </div>
    </a>
    <a
      href="/game/borderlands-3"
    >
      <div
        class="c2"
      >
        <div
          class="c3"
        >
          <div
            class="c4"
          >
            <img
              alt="Borderlands 3"
              src="https://source.unsplash.com/user/willianjusten/151x70"
            />
          </div>
          <div
            class="c5"
          >
            <h3
              class="c6"
            >
              Borderlands 3
            </h3>
            <div
              class="c7"
            >
              <p
                class="c8"
              >
                R$ 215,00
              </p>
            </div>
          </div>
        </div>
      </div>
    </a>
  </div>
  <div
    class="c9"
  >
    <span>
      Total:
    </span>
    <span
      class="c10"
    >
      R$ 330,00
    </span>
  </div>
</div>
`;
